
======================================
  inbody120.png
======================================

--- Section: header ---
[InBody] (conf: 0.80) x1:39.0 y1:30.0 cx:139.5 cy:69.5
[([InBody120]] (conf: 0.59) x1:449.0 y1:77.0 cx:492.0 cy:87.0
[athletehome"] (conf: 0.95) x1:575.0 y1:77.0 cx:686.0 cy:99.0
[ID] (conf: 1.00) x1:55.0 y1:107.0 cx:64.0 cy:115.0
[He ght] (conf: 0.87) x1:200.0 y1:106.0 cx:221.5 cy:116.0
[Age] (conf: 0.98) x1:291.0 y1:109.0 cx:304.0 cy:117.0
[Gender] (conf: 0.98) x1:349.0 y1:107.0 cx:371.0 cy:115.0
[Tesi Dale & Tme] (conf: 0.69) x1:405.0 y1:107.0 cx:454.0 cy:115.0
[SM2OO8] (conf: 0.37) x1:57.0 y1:123.0 cx:88.0 cy:133.0
[156,9cm] (conf: 0.78) x1:201.0 y1:123.0 cx:234.0 cy:133.0
[51] (conf: 1.00) x1:293.0 y1:127.0 cx:303.0 cy:135.0
[Female] (conf: 0.65) x1:349.0 y1:125.0 cx:374.0 cy:133.0
[2012.05.04.09] (conf: 0.78) x1:405.0 y1:123.0 cx:459.0 cy:133.0
[46] (conf: 1.00) x1:519.0 y1:123.0 cx:531.0 cy:133.0

--- Section: body_composition ---
[Body Composition Analysis] (conf: 0.96) x1:39.0 y1:33.0 cx:134.0 cy:43.0
[Tote] (conf: 0.38) x1:45.0 y1:63.0 cx:58.0 cy:70.0
[amaunt of waler In boCy] (conf: 0.31) x1:73.0 y1:61.0 cx:139.0 cy:70.0
[Tolal Body Water] (conf: 0.81) x1:235.0 y1:63.0 cx:285.0 cy:71.0
[27.5 (26.3 ~ 31.4)] (conf: 0.47) x1:389.0 y1:59.0 cx:451.0 cy:69.0
[InBe] (conf: 0.70) x1:551.0 y1:71.0 cx:564.0 cy:79.0
[For building muscles] (conf: 0.79) x1:45.0 y1:85.0 cx:102.0 cy:95.0
[Protein] (conf: 1.00) x1:235.0 y1:87.0 cx:258.0 cy:95.0
[7.2] (conf: 0.42) x1:397.0 y1:85.0 cx:411.0 cy:95.0
[7.0 - 8.6] (conf: 0.37) x1:443.0 y1:87.0 cx:473.0 cy:96.0
[For strengthening bones] (conf: 0.52) x1:45.0 y1:113.0 cx:112.0 cy:121.0
[Minorals] (conf: 0.52) x1:235.0 y1:113.0 cx:261.0 cy:121.0
[2.63 (2.44] (conf: 0.75) x1:389.0 y1:111.0 cx:427.0 cy:121.0
[2.98)] (conf: 0.81) x1:475.0 y1:111.0 cx:494.0 cy:120.0
[For sloring axcess enargy] (conf: 0.45) x1:45.0 y1:139.0 cx:115.0 cy:147.0
[Body Fat Kass] (conf: 0.65) x1:235.0 y1:139.0 cx:279.0 cy:147.0
[21.8 (10.3] (conf: 0.82) x1:391.0 y1:139.0 cx:428.0 cy:147.0
[16.5)] (conf: 0.48) x1:477.0 y1:137.0 cx:495.0 cy:146.0
[E0 1] (conf: 0.25) x1:391.0 y1:163.0 cx:407.0 cy:168.5
[{4 0 _ 50 5i] (conf: 0.15) x1:429.0 y1:163.0 cx:470.0 cy:168.5

--- Section: muscle_fat ---
[avei] (conf: 0.02) x1:551.0 y1:0.0 cx:564.0 cy:5.5
[Musele-Fat Analysis] (conf: 0.79) x1:39.0 y1:39.0 cx:110.0 cy:49.0
[Kleig"] (conf: 0.22) x1:551.0 y1:35.0 cx:565.0 cy:43.0
[Fat] (conf: 0.46) x1:551.0 y1:53.0 cx:562.0 cy:61.0
[3] (conf: 0.01) x1:165.0 y1:65.0 cx:184.0 cy:71.0
[Nomal] (conf: 0.33) x1:237.0 y1:65.0 cx:259.0 cy:71.0
[3] (conf: 0.01) x1:392.0 y1:66.0 cx:406.0 cy:70.0
[Musc] (conf: 0.99) x1:551.0 y1:73.0 cx:564.0 cy:80.0
[Wcight] (conf: 0.89) x1:43.0 y1:89.0 cx:66.0 cy:97.0
[(kol] (conf: 0.46) x1:113.0 y1:89.0 cx:123.0 cy:96.0
[59] (conf: 0.98) x1:289.0 y1:91.0 cx:300.0 cy:100.0
[Rese] (conf: 0.61) x1:551.0 y1:99.0 cx:565.5 cy:108.0
[Taro-] (conf: 0.29) x1:549.1 y1:16.2 cx:563.5 cy:24.5

--- Section: obesity ---
[SMM] (conf: 0.21) x1:43.0 y1:0.0 cx:61.0 cy:6.5
[19,6] (conf: 0.35) x1:227.0 y1:5.0 cx:245.0 cy:14.0
[Basa] (conf: 0.80) x1:551.0 y1:3.0 cx:565.0 cy:11.0
[2] (conf: 0.07) x1:351.0 y1:29.0 cx:359.0 cy:35.0
[Lod] (conf: 0.21) x1:418.0 y1:30.0 cx:425.0 cy:34.0
[Wlais] (conf: 0.49) x1:551.0 y1:21.0 cx:565.0 cy:29.0
[Body Fat Mass (k9l] (conf: 0.41) x1:43.0 y1:35.0 cx:88.0 cy:43.0
[21.8] (conf: 1.00) x1:313.0 y1:37.0 cx:331.0 cy:47.0
[Visce] (conf: 0.62) x1:551.0 y1:39.0 cx:564.0 cy:47.0
[Opes] (conf: 0.61) x1:551.0 y1:59.0 cx:564.0 cy:66.0
[Obesity Analysis] (conf: 0.78) x1:39.0 y1:95.0 cx:97.0 cy:105.0
[Rest] (conf: 0.39) x1:548.1 y1:84.2 cx:565.5 cy:96.0
[Body] (conf: 0.40) x1:549.0 y1:106.2 cx:564.5 cy:114.5

--- Section: segmental_lean ---
[L] (conf: 0.46) x1:161.0 y1:0.0 cx:179.0 cy:6.5
[Nownal] (conf: 0.47) x1:233.0 y1:0.0 cx:254.0 cy:6.5
["0] (conf: 0.90) x1:145.0 y1:17.0 cx:155.0 cy:23.0
[15 0] (conf: 0.58) x1:179.0 y1:17.0 cx:189.0 cy:23.0
["5] (conf: 0.18) x1:211.0 y1:15.0 cx:222.0 cy:22.0
[BMI] (conf: 0.99) x1:39.0 y1:23.0 cx:53.0 cy:30.0
[(olm)] (conf: 0.30) x1:93.0 y1:25.0 cx:112.0 cy:33.0
[1ad] (conf: 0.06) x1:178.0 y1:52.0 cx:187.0 cy:56.0
["0] (conf: 0.14) x1:211.0 y1:49.0 cx:221.0 cy:55.0
[PBF] (conf: 0.99) x1:39.0 y1:55.0 cx:54.0 cy:63.0
[(931] (conf: 0.18) x1:111.0 y1:59.0 cx:121.0 cy:66.0
[Nola Fe] (conf: 0.01) x1:65.0 y1:67.0 cx:82.0 cy:73.0
[Segmental Lean Analysis] (conf: 0.94) x1:31.0 y1:122.0 cx:123.5 cy:135.5
[1.94 kg]] (conf: 0.13) x1:59.0 y1:171.0 cx:84.0 cy:180.0
[2.02 kg] (conf: 0.89) x1:193.0 y1:171.0 cx:219.0 cy:180.0

--- Section: research_params ---
[Targel Wieignt] (conf: 0.73) x1:185.0 y1:7.0 cx:221.0 cy:15.0
[51.7kg] (conf: 0.45) x1:311.0 y1:5.0 cx:335.0 cy:14.0
[Wleight Control] (conf: 0.77) x1:181.0 y1:23.0 cx:221.0 cy:32.0
[74kg] (conf: 0.59) x1:317.0 y1:23.0 cx:338.0 cy:32.0
[Fat Ccntr"] (conf: 0.46) x1:183.0 y1:43.0 cx:213.0 cy:51.0
[9,9 kg] (conf: 0.41) x1:317.0 y1:41.0 cx:338.0 cy:50.0
[Musde Contoll] (conf: 0.37) x1:183.0 y1:61.0 cx:223.0 cy:69.0
[2.5 k8] (conf: 0.32) x1:317.0 y1:59.0 cx:338.0 cy:68.0
[Research Parameters] (conf: 1.00) x1:185.0 y1:89.0 cx:259.0 cy:98.0
[Basa Metabolc Rate] (conf: 0.31) x1:183.0 y1:113.0 cx:238.0 cy:121.0
[176 kcal] (conf: 0.71) x1:303.0 y1:111.0 cx:335.0 cy:120.0
[Wlaist-Hp Ratio] (conf: 0.69) x1:183.0 y1:131.0 cx:224.0 cy:139.0
[0.92] (conf: 0.85) x1:307.0 y1:129.0 cx:323.0 cy:138.0
[(075 ~ 0as)] (conf: 0.27) x1:369.0 y1:129.0 cx:401.0 cy:137.0
[Visceral Fat Level] (conf: 1.00) x1:183.0 y1:149.0 cx:229.0 cy:157.0
[12] (conf: 0.65) x1:321.0 y1:149.0 cx:330.0 cy:157.0
[1-9] (conf: 0.47) x1:385.0 y1:149.0 cx:399.0 cy:156.0
[Obesly Degree] (conf: 0.96) x1:185.0 y1:169.0 cx:225.0 cy:177.0
[114 "] (conf: 0.16) x1:313.0 y1:167.0 cx:334.0 cy:175.0
[X-IIO] (conf: 0.10) x1:381.0 y1:167.0 cx:404.0 cy:174.0
[Results Interpretation] (conf: 0.75) x1:183.0 y1:195.0 cx:258.0 cy:205.0
[Body Composition Analysis] (conf: 0.97) x1:185.0 y1:217.0 cx:263.0 cy:225.0
[9|] (conf: 0.04) x1:28.0 y1:230.0 cx:40.0 cy:234.0
[welnl Is te wm o Ioal Boc Waler;_] (conf: 0.09) x1:211.0 y1:235.0 cx:303.0 cy:241.5
[Bool] (conf: 0.21) x1:181.1 y1:232.3 cx:198.0 cy:242.5
[Roen] (conf: 0.50) x1:390.1 y1:232.3 cx:410.0 cy:243.0

======================================
  inbody270.png
======================================

--- Section: header ---
[IBedy] (conf: 0.67) x1:55.0 y1:46.0 cx:151.0 cy:82.5
[[InBody270]] (conf: 1.00) x1:450.0 y1:86.0 cx:495.0 cy:98.0
[ID] (conf: 0.95) x1:71.0 y1:117.0 cx:81.0 cy:125.0
[Height] (conf: 0.99) x1:210.0 y1:113.0 cx:232.0 cy:125.0
[Age] (conf: 0.29) x1:301.0 y1:119.0 cx:314.0 cy:127.0
[Gender] (conf: 0.92) x1:355.0 y1:117.0 cx:378.0 cy:125.0
[Test Dae & Tme] (conf: 0.56) x1:413.0 y1:117.0 cx:459.0 cy:125.0
[Janc Doc] (conf: 0.53) x1:75.0 y1:137.0 cx:107.0 cy:145.0
[156.9cmn] (conf: 0.81) x1:215.0 y1:133.0 cx:246.0 cy:143.0
[51] (conf: 1.00) x1:301.0 y1:135.0 cx:311.0 cy:144.0
[Fcmalc] (conf: 0.52) x1:359.0 y1:137.0 cx:383.0 cy:145.0
[2018.0+.03.09. 46] (conf: 0.56) x1:411.0 y1:133.0 cx:475.0 cy:143.0
[FWW mbody com] (conf: 0.34) x1:631.0 y1:129.0 cx:681.0 cy:137.0
[Body Composition Analysis] (conf: 0.81) x1:69.0 y1:185.0 cx:175.0 cy:195.0
[InBody Score] (conf: 0.95) x1:561.0 y1:193.0 cx:607.0 cy:203.0
[Wto OTAmmi AiNoTotanAi] (conf: 0.00) x1:74.0 y1:216.0 cx:150.0 cy:219.0
[TTAD] (conf: 0.06) x1:236.0 y1:216.0 cx:275.0 cy:219.0
[Oo] (conf: 0.13) x1:408.0 y1:214.0 cx:423.0 cy:218.0
[L06 ^^ ^] (conf: 0.04) x1:442.0 y1:214.0 cx:483.0 cy:218.0

--- Section: body_composition ---
[Jallc Doc] (conf: 0.22) x1:67.0 y1:0.0 cx:100.0 cy:6.5
[190.JCIn] (conf: 0.19) x1:211.0 y1:0.0 cx:241.0 cy:6.5
[4 9] (conf: 0.11) x1:285.0 y1:0.0 cx:300.0 cy:6.5
[Fcmalc] (conf: 0.55) x1:351.0 y1:0.0 cx:376.0 cy:6.5
[Zuio.UU)_] (conf: 0.12) x1:409.0 y1:0.0 cx:446.0 cy:6.5
[Uy] (conf: 0.33) x1:487.0 y1:0.0 cx:497.0 cy:5.5
[30] (conf: 0.24) x1:511.0 y1:0.0 cx:522.0 cy:5.5
[Body Composition Analysis] (conf: 0.99) x1:65.0 y1:45.0 cx:170.0 cy:55.0
[Total amount of wrater in body] (conf: 0.51) x1:67.0 y1:72.0 cx:144.0 cy:81.0
[Total [] (conf: 0.26) x1:229.0 y1:75.0 cx:245.0 cy:82.0
[IBody Water] (conf: 0.94) x1:254.0 y1:69.0 cx:291.0 cy:81.0
[26.5 ( 26 4] (conf: 0.71) x1:399.0 y1:69.0 cx:436.0 cy:79.0
[32.2 )] (conf: 0.42) x1:485.0 y1:73.0 cx:502.0 cy:81.0
[For bulldng muscles] (conf: 0.78) x1:67.0 y1:97.0 cx:121.0 cy:105.0
[Prolein] (conf: 0.99) x1:229.0 y1:99.0 cx:251.0 cy:107.0
[7.2] (conf: 0.47) x1:407.0 y1:95.0 cx:420.0 cy:104.0
[7.0 - 8.6 )] (conf: 0.71) x1:451.0 y1:97.0 cx:485.0 cy:105.0
[For strengthenng bones] (conf: 0.43) x1:67.0 y1:123.0 cx:131.0 cy:131.0
[Minera $] (conf: 0.74) x1:229.0 y1:123.0 cx:254.0 cy:131.0
[2.64 (24] (conf: 0.66) x1:399.0 y1:119.0 cx:436.0 cy:128.0
[2.98 )] (conf: 0.59) x1:483.0 y1:121.0 cx:501.0 cy:129.0
[For stonng excess energy] (conf: 0.77) x1:67.0 y1:145.0 cx:135.0 cy:153.5
[Body Fat Mass] (conf: 0.90) x1:229.0 y1:147.0 cx:272.0 cy:154.5
[V] (conf: 0.01) x1:354.0 y1:148.0 cx:362.0 cy:152.0
[22.8 ( 10.3 ~ 16 5)] (conf: 0.53) x1:399.0 y1:143.0 cx:459.0 cy:152.0

--- Section: muscle_fat ---
[Sum of Ine above] (conf: 0.55) x1:67.0 y1:3.0 cx:114.0 cy:10.0
[Weight] (conf: 1.00) x1:228.0 y1:2.0 cx:250.5 cy:12.0
[59.1] (conf: 0.91) x1:399.0 y1:0.0 cx:415.0 cy:9.5
[(43.,9] (conf: 0.33) x1:435.0 y1:3.0 cx:454.0 cy:11.0
[59.5)] (conf: 0.65) x1:483.0 y1:3.0 cx:500.0 cy:10.0
[Muscle-Fat Analysis] (conf: 0.97) x1:65.0 y1:61.0 cx:143.0 cy:71.0
[Under] (conf: 0.44) x1:179.0 y1:85.0 cx:200.0 cy:92.0
[Normol] (conf: 0.45) x1:249.0 y1:85.0 cx:274.0 cy:92.0
[Over] (conf: 0.75) x1:403.0 y1:85.0 cx:419.0 cy:92.0
[105] (conf: 0.24) x1:268.0 y1:102.0 cx:275.0 cy:106.0
[Ma] (conf: 0.06) x1:299.0 y1:101.0 cx:308.0 cy:107.0
[13] (conf: 0.33) x1:331.0 y1:101.0 cx:340.0 cy:107.0
[412] (conf: 0.16) x1:364.0 y1:102.0 cx:371.0 cy:106.0
[JE]] (conf: 0.16) x1:398.0 y1:102.0 cx:405.0 cy:106.0
[a] (conf: 0.43) x1:429.0 y1:101.0 cx:438.0 cy:107.0
[130] (conf: 0.34) x1:461.0 y1:101.0 cx:470.0 cy:107.0
[3] (conf: 0.53) x1:493.0 y1:101.0 cx:501.0 cy:107.0
[Weight] (conf: 0.82) x1:67.0 y1:109.0 cx:88.0 cy:116.0
[59] (conf: 0.94) x1:307.0 y1:111.0 cx:317.0 cy:117.5
[BM] (conf: 0.44) x1:557.0 y1:107.0 cx:565.0 cy:114.0

--- Section: obesity ---
[J03] (conf: 0.07) x1:267.0 y1:13.0 cx:275.0 cy:19.0
[19] (conf: 0.23) x1:363.0 y1:13.0 cx:372.0 cy:19.0
[14] (conf: 0.99) x1:397.0 y1:13.0 cx:405.0 cy:19.0
[F0] (conf: 0.11) x1:429.0 y1:13.0 cx:437.0 cy:19.0
[150] (conf: 0.53) x1:461.0 y1:13.0 cx:470.0 cy:19.0
[I0] (conf: 0.10) x1:493.0 y1:13.0 cx:502.0 cy:19.0
[SHM] (conf: 0.79) x1:67.0 y1:17.0 cx:84.0 cy:24.0
[0] (conf: 0.96) x1:137.0 y1:19.0 cx:146.0 cy:26.0
[19.6] (conf: 0.87) x1:245.0 y1:21.0 cx:263.0 cy:30.0
[Ton] (conf: 0.11) x1:268.0 y1:46.0 cx:275.0 cy:50.0
[1] (conf: 0.93) x1:331.0 y1:45.0 cx:340.0 cy:51.0
[20] (conf: 0.16) x1:361.0 y1:45.0 cx:371.0 cy:51.0
[3] (conf: 0.02) x1:395.0 y1:45.0 cx:405.0 cy:51.0
[40] (conf: 0.24) x1:429.0 y1:45.0 cx:437.0 cy:51.0
[40] (conf: 0.62) x1:461.0 y1:45.0 cx:470.0 cy:51.0
[0] (conf: 0.96) x1:493.0 y1:45.0 cx:502.0 cy:51.0
[Body Fat Wass 0 3] (conf: 0.43) x1:67.0 y1:51.0 cx:111.0 cy:60.0
[22.8] (conf: 0.62) x1:347.0 y1:51.0 cx:365.0 cy:61.0

--- Section: segmental_lean ---
[Obesity Analysis] (conf: 0.99) x1:57.0 y1:17.0 cx:122.0 cy:27.0
[Undel] (conf: 0.97) x1:175.0 y1:41.0 cx:196.0 cy:48.0
[Wow] (conf: 0.27) x1:245.0 y1:41.0 cx:264.0 cy:48.0
[BMI] (conf: 0.98) x1:61.0 y1:61.0 cx:75.0 cy:68.0
[130] (conf: 0.46) x1:163.0 y1:57.0 cx:173.0 cy:64.0
[4Sf] (conf: 0.02) x1:196.0 y1:60.0 cx:204.0 cy:64.0
[(kam )] (conf: 0.16) x1:115.0 y1:65.0 cx:133.0 cy:72.0
[PBF] (conf: 0.99) x1:61.0 y1:93.0 cx:75.0 cy:100.0
[Caeean] (conf: 0.00) x1:86.0 y1:106.0 cx:101.0 cy:109.0
[Seginental Lean Analysis] (conf: 0.95) x1:59.0 y1:165.0 cx:155.0 cy:175.0

--- Section: research_params ---
[PBF] (conf: 1.00) x1:183.0 y1:7.0 cx:195.0 cy:15.0
[@Nornil] (conf: 0.55) x1:247.0 y1:7.0 cx:272.0 cy:14.0
[0] (conf: 0.90) x1:299.0 y1:7.0 cx:305.0 cy:14.0
[83] (conf: 0.34) x1:306.0 y1:0.0 cx:325.0 cy:14.0
[Lov] (conf: 0.07) x1:361.0 y1:5.0 cx:380.0 cy:13.0
[Waist-Hip Ratio] (conf: 0.76) x1:183.0 y1:39.0 cx:235.0 cy:47.0
[0.75] (conf: 0.89) x1:335.0 y1:53.0 cx:348.0 cy:60.0
[0.85] (conf: 0.98) x1:365.0 y1:53.0 cx:377.0 cy:60.0
[0.91] (conf: 0.73) x1:219.0 y1:65.0 cx:234.0 cy:72.0
[Visceral Fat Level] (conf: 0.92) x1:183.0 y1:97.0 cx:243.0 cy:106.0
[10] (conf: 0.71) x1:355.0 y1:111.0 cx:363.0 cy:118.0
[a] (conf: 0.31) x1:29.0 y1:117.0 cx:46.0 cy:124.0
[11] (conf: 0.74) x1:219.0 y1:123.0 cx:228.0 cy:130.0
[40O] (conf: 0.16) x1:22.0 y1:136.0 cx:30.0 cy:140.0
[450] (conf: 0.30) x1:53.0 y1:135.0 cx:63.0 cy:141.0
[80] (conf: 0.07) x1:85.0 y1:135.0 cx:95.0 cy:141.0
[M0] (conf: 0.16) x1:117.0 y1:135.0 cx:127.0 cy:141.0
[Reasearch Parameters] (conf: 0.83) x1:183.0 y1:151.0 cx:259.0 cy:159.0
[it] (conf: 0.02) x1:22.0 y1:166.0 cx:29.0 cy:170.0
[440] (conf: 0.29) x1:54.0 y1:168.0 cx:62.0 cy:172.0
[57 0] (conf: 0.10) x1:86.0 y1:168.0 cx:94.0 cy:172.0
[38.6] (conf: 1.00) x1:0.0 y1:175.0 cx:18.5 cy:184.0
[Fat Frea Macc] (conf: 0.41) x1:183.0 y1:171.0 cx:218.0 cy:179.0
[30.3 1E] (conf: 0.13) x1:307.0 y1:173.0 cx:331.0 cy:181.0
[Besal Meatolc Rate] (conf: 0.30) x1:183.0 y1:189.0 cx:233.0 cy:197.0
[1154 kcal (1255 ~ 1451)] (conf: 0.64) x1:303.0 y1:189.0 cx:366.0 cy:197.0
[Obcuity Degrcc] (conf: 0.33) x1:183.0 y1:207.0 cx:221.0 cy:215.0
[9 - 10] (conf: 0.51) x1:377.0 y1:207.0 cx:399.0 cy:215.0
[SMI] (conf: 0.25) x1:183.0 y1:225.0 cx:195.0 cy:232.0
[5.8 km'] (conf: 0.30) x1:313.0 y1:224.0 cx:342.5 cy:233.0
[al Fat Analysis] (conf: 0.94) x1:0.0 y1:241.0 cx:56.5 cy:250.0
[Rene cbe/2k34] (conf: 0.02) x1:183.0 y1:243.0 cx:241.0 cy:250.0
[1307] (conf: 0.66) x1:303.0 y1:241.0 cx:319.0 cy:249.0
[cal] (conf: 0.99) x1:337.0 y1:245.0 cx:350.0 cy:251.0
[Calorie Expenditure] (conf: 0.97) x1:183.0 y1:263.0 cx:249.0 cy:272.0
[of Exercise] (conf: 0.98) x1:317.0 y1:263.0 cx:354.0 cy:272.0
[1.71] (conf: 0.50) x1:91.0 y1:289.0 cx:110.0 cy:298.0
[Gof] (conf: 0.79) x1:183.0 y1:287.0 cx:195.0 cy:294.0
[1044] (conf: 0.94) x1:273.0 y1:287.0 cx:286.0 cy:294.0
[Galeba] (conf: 0.56) x1:305.0 y1:287.0 cx:323.0 cy:294.0
[112] (conf: 0.79) x1:395.0 y1:287.0 cx:408.0 cy:294.0
[192.0 %] (conf: 0.67) x1:85.0 y1:307.0 cx:110.0 cy:315.0
[Walkna] (conf: 0.85) x1:182.0 y1:303.0 cx:202.5 cy:312.0
[118] (conf: 0.91) x1:273.0 y1:303.0 cx:286.0 cy:311.0
[Yoqa] (conf: 0.74) x1:303.0 y1:305.0 cx:317.0 cy:313.0
[118] (conf: 0.91) x1:395.0 y1:305.0 cx:408.0 cy:312.0
[Betninion] (conf: 0.41) x1:183.0 y1:321.0 cx:210.0 cy:328.0
[134] (conf: 0.61) x1:273.0 y1:321.0 cx:286.0 cy:328.0
[Table Tenns] (conf: 0.51) x1:305.0 y1:320.0 cx:335.0 cy:328.5
[134] (conf: 0.90) x1:395.0 y1:321.0 cx:408.0 cy:328.0
[Over] (conf: 0.74) x1:97.0 y1:329.0 cx:111.0 cy:336.0
[ILSk] (conf: 0.53) x1:25.0 y1:335.0 cx:47.0 cy:344.0
[Tenni:] (conf: 0.23) x1:183.0 y1:339.0 cx:200.0 cy:346.0
[Bocha] (conf: 0.37) x1:303.0 y1:339.0 cx:326.0 cy:347.0
[177] (conf: 0.67) x1:395.0 y1:339.0 cx:407.0 cy:346.0
[236,2 "] (conf: 0.32) x1:21.0 y1:353.0 cx:47.0 cy:361.0
[Boxirg] (conf: 0.77) x1:182.0 y1:356.0 cx:200.5 cy:364.5
[Rackeibal] (conf: 0.44) x1:303.0 y1:357.0 cx:327.0 cy:364.0
[177] (conf: 0.51) x1:395.0 y1:357.0 cx:408.0 cy:364.0
[Lon] (conf: 0.40) x1:301.0 y1:110.2 cx:314.0 cy:117.0
[114] (conf: 0.92) x1:308.3 y1:205.4 cx:323.0 cy:214.5

======================================
  inbody570.png
======================================

--- Section: header ---
[InBedy] (conf: 0.68) x1:59.0 y1:61.0 cx:156.5 cy:95.5
[[InBody570]] (conf: 1.00) x1:493.0 y1:101.0 cx:538.0 cy:111.0
[SEE WHAT YOU'RE MADE OF] (conf: 0.74) x1:631.0 y1:111.0 cx:728.0 cy:121.0
[ID] (conf: 1.00) x1:75.0 y1:131.0 cx:84.0 cy:139.0
[Height] (conf: 1.00) x1:221.0 y1:133.0 cx:243.0 cy:141.0
[Age] (conf: 1.00) x1:311.0 y1:133.0 cx:325.0 cy:141.0
[Gender] (conf: 1.00) x1:369.0 y1:131.0 cx:393.0 cy:139.0
[Test Date] (conf: 1.00) x1:425.0 y1:131.0 cx:455.0 cy:139.0
[Time] (conf: 0.90) x1:491.0 y1:133.0 cx:507.0 cy:140.0
[Jane Doe] (conf: 0.91) x1:75.0 y1:153.0 cx:109.0 cy:161.0
[5 ft 05.0 in] (conf: 0.55) x1:223.0 y1:149.0 cx:262.0 cy:159.0
[31] (conf: 0.55) x1:309.0 y1:149.0 cx:319.0 cy:159.0
[Female| 04.28.2021 07.13] (conf: 0.71) x1:367.0 y1:149.0 cx:457.0 cy:159.0
[Body Composition Analysis] (conf: 0.96) x1:70.0 y1:178.0 cx:179.0 cy:190.0
[Values] (conf: 0.94) x1:223.0 y1:205.0 cx:242.0 cy:212.0
[Total Body Water] (conf: 0.77) x1:293.0 y1:205.0 cx:339.0 cy:212.0
[Lean Bodyllass] (conf: 0.19) x1:391.0 y1:205.0 cx:436.0 cy:212.0
[Wetght] (conf: 0.59) x1:509.0 y1:205.0 cx:531.0 cy:212.0
[Intracellular Water] (conf: 0.79) x1:75.0 y1:227.0 cx:122.0 cy:235.0
[39.9] (conf: 0.73) x1:223.0 y1:223.0 cx:241.0 cy:233.0
[Body Fat - Lean Body Mass Control] (conf: 0.87) x1:603.0 y1:215.0 cx:724.5 cy:227.0

--- Section: body_composition ---
[ID] (conf: 1.00) x1:69.0 y1:3.0 cx:77.0 cy:10.0
[Height] (conf: 1.00) x1:215.0 y1:3.0 cx:237.0 cy:11.0
[Age] (conf: 1.00) x1:305.0 y1:3.0 cx:318.0 cy:11.0
[Gender] (conf: 1.00) x1:361.0 y1:3.0 cx:385.0 cy:10.0
[Test Date] (conf: 1.00) x1:419.0 y1:1.0 cx:448.0 cy:9.0
[Time] (conf: 0.73) x1:485.0 y1:1.0 cx:501.0 cy:9.0
[Jane Doe] (conf: 0.87) x1:67.0 y1:23.0 cx:101.0 cy:31.0
[5 ft 05.0 in] (conf: 0.67) x1:215.0 y1:19.0 cx:254.0 cy:29.0
[31] (conf: 0.89) x1:303.0 y1:23.0 cx:313.0 cy:31.0
[Female] (conf: 1.00) x1:359.0 y1:23.0 cx:386.0 cy:31.0
[04.28.2021] (conf: 0.88) x1:417.0 y1:19.0 cx:456.0 cy:29.0
[07.13] (conf: 0.80) x1:499.0 y1:19.0 cx:520.0 cy:29.0
[Body Composition Analysis] (conf: 0.93) x1:62.0 y1:47.0 cx:172.0 cy:60.0
[Values] (conf: 0.92) x1:215.0 y1:75.0 cx:235.0 cy:82.0
[Total Body Water] (conf: 0.58) x1:287.0 y1:75.0 cx:333.0 cy:82.0
[Lean Body Mass] (conf: 0.94) x1:383.0 y1:75.0 cx:429.0 cy:82.0
[Wetght] (conf: 0.52) x1:503.0 y1:75.0 cx:524.0 cy:82.0
[Intracellular Water] (conf: 0.77) x1:69.0 y1:97.0 cx:116.0 cy:105.0
[39.9] (conf: 0.45) x1:215.0 y1:93.0 cx:233.0 cy:103.0
[64.2] (conf: 0.81) x1:311.0 y1:105.0 cx:329.0 cy:115.0
[Extracellular Water] (conf: 0.93) x1:69.0 y1:125.0 cx:117.0 cy:133.0
[243] (conf: 0.77) x1:215.0 y1:121.0 cx:233.0 cy:131.0
[88.0] (conf: 1.00) x1:409.0 y1:121.0 cx:427.0 cy:131.0

--- Section: muscle_fat ---
[135.4] (conf: 0.78) x1:501.0 y1:5.0 cx:523.0 cy:14.0
[Dry Lean Mass] (conf: 0.99) x1:69.0 y1:19.0 cx:113.0 cy:28.0
[23,8] (conf: 0.63) x1:217.0 y1:17.0 cx:234.0 cy:26.0
[Body Fat Mass] (conf: 0.93) x1:69.0 y1:47.0 cx:113.0 cy:55.0
[47,4] (conf: 0.67) x1:217.0 y1:45.0 cx:234.0 cy:54.0
[Muscle-Fat Analysis] (conf: 0.76) x1:62.0 y1:74.0 cx:144.0 cy:86.0

--- Section: obesity ---
[Weight] (conf: 0.99) x1:69.0 y1:5.0 cx:93.0 cy:14.0
[135.4] (conf: 0.55) x1:331.0 y1:5.0 cx:352.0 cy:15.0
[SMM] (conf: 1.00) x1:69.0 y1:33.0 cx:87.0 cy:41.0
[Llani] (conf: 0.04) x1:96.0 y1:48.0 cx:117.0 cy:52.0
[47.6] (conf: 1.00) x1:281.0 y1:43.0 cx:298.0 cy:51.0
[Body Fat Mass] (conf: 0.99) x1:69.0 y1:69.0 cx:113.0 cy:78.0
[47.4] (conf: 0.82) x1:369.0 y1:77.0 cx:385.0 cy:85.0
[Obesity Analysis] (conf: 0.98) x1:62.0 y1:100.0 cx:130.0 cy:112.0

--- Section: segmental_lean ---
[BMI] (conf: 0.92) x1:69.0 y1:25.0 cx:83.0 cy:33.0
[Io] (conf: 0.15) x1:199.0 y1:23.0 cx:209.0 cy:29.0
[Uber] (conf: 0.04) x1:88.0 y1:40.0 cx:106.0 cy:44.0
[@Eu)] (conf: 0.16) x1:149.0 y1:33.0 cx:167.0 cy:40.0
[22,5] (conf: 0.57) x1:331.0 y1:31.0 cx:349.0 cy:41.0
[Ca] (conf: 0.00) x1:200.0 y1:58.0 cx:206.0 cy:62.0
[PBF] (conf: 1.00) x1:69.0 y1:59.0 cx:84.0 cy:66.0
[Weanlht] (conf: 0.00) x1:94.0 y1:74.0 cx:109.0 cy:77.0
[35] (conf: 0.83) x1:397.0 y1:67.0 cx:407.0 cy:75.0
[Segmental Lean Analysis] (conf: 1.00) x1:62.0 y1:93.0 cx:162.0 cy:105.0
[Right Arm] (conf: 0.83) x1:67.0 y1:143.0 cx:101.0 cy:153.0
[88] (conf: 0.99) x1:295.0 y1:157.0 cx:303.0 cy:164.0

--- Section: ecw_tbw_section ---
[Kc4I] (conf: 0.27) x1:733.0 y1:0.0 cx:744.0 cy:5.5
[Obesity Analysis] (conf: 0.81) x1:71.0 y1:13.0 cx:137.0 cy:23.0
[Visceral Fat Level] (conf: 0.88) x1:607.0 y1:23.0 cx:668.0 cy:31.0
[Low] (conf: 0.98) x1:731.0 y1:39.0 cx:746.0 cy:46.0
[10] (conf: 0.66) x1:785.0 y1:39.0 cx:794.0 cy:46.0
[High] (conf: 0.71) x1:825.0 y1:39.0 cx:840.0 cy:47.0
[BMI] (conf: 0.91) x1:77.0 y1:55.0 cx:91.0 cy:63.0
[Kolo] (conf: 0.06) x1:207.0 y1:53.0 cx:216.0 cy:59.0
[Atn] (conf: 0.00) x1:240.0 y1:54.0 cx:248.0 cy:58.0
[Levcl] (conf: 0.74) x1:629.0 y1:51.0 cx:646.0 cy:59.0
[M] (conf: 0.63) x1:669.0 y1:51.0 cx:678.0 cy:58.0
[Boc ubera] (conf: 0.01) x1:76.0 y1:70.0 cx:104.0 cy:74.0
[dem)] (conf: 0.29) x1:157.0 y1:63.0 cx:175.0 cy:70.0
[22,5] (conf: 0.31) x1:337.0 y1:61.0 cx:355.0 cy:71.0
[PBF] (conf: 1.00) x1:77.0 y1:89.0 cx:92.0 cy:96.0
[Results Interpretation] (conf: 0.78) x1:607.0 y1:83.0 cx:681.0 cy:92.0
[KatnnlEt] (conf: 0.00) x1:102.0 y1:104.0 cx:117.0 cy:107.0
[Obesity Analysis] (conf: 0.99) x1:607.0 y1:107.0 cx:655.0 cy:115.0
[Segmental Lean Analysis] (conf: 0.99) x1:73.0 y1:127.0 cx:171.0 cy:137.0
[BMI Is] (conf: 0.38) x1:607.0 y1:123.0 cx:625.0 cy:130.0
[an index used t0 Celemmine obesity by] (conf: 0.37) x1:645.0 y1:123.0 cx:751.0 cy:131.0
[using height and weight PBF] (conf: 0.61) x1:607.0 y1:139.0 cx:685.0 cy:148.0
[tne percentage] (conf: 0.65) x1:773.0 y1:141.0 cx:815.0 cy:149.0
[of body fat compared t0 body Weight] (conf: 0.60) x1:607.0 y1:155.0 cx:704.0 cy:163.0
[Right Arm] (conf: 0.89) x1:74.0 y1:174.0 cx:107.5 cy:184.0
[Segmental] (conf: 0.91) x1:607.0 y1:181.0 cx:637.0 cy:189.0
[Lean Analysis] (conf: 0.98) x1:669.0 y1:181.0 cx:710.0 cy:189.0
[Eva vates whether the muscles are adequately] (conf: 0.52) x1:607.0 y1:197.0 cx:732.0 cy:205.0
[Left Ar] (conf: 0.64) x1:75.0 y1:215.0 cx:104.0 cy:223.0
[03] (conf: 0.13) x1:315.0 y1:215.0 cx:324.0 cy:221.0
[developed in the body: In each segment; the top] (conf: 0.55) x1:607.0 y1:212.0 cx:732.0 cy:220.5
[85] (conf: 0.98) x1:299.0 y1:225.0 cx:307.0 cy:232.0
[bar shows the companison of muscle mass t0] (conf: 0.61) x1:607.0 y1:227.0 cx:732.0 cy:236.5
[Mdeal We ghtand Ihe bottom bar shows that of the] (conf: 0.40) x1:607.0 y1:245.0 cx:732.0 cy:253.0
[Trunk] (conf: 1.00) x1:77.0 y1:253.0 cx:96.0 cy:261.0
[curent weight] (conf: 0.86) x1:607.0 y1:261.0 cx:649.0 cy:269.0
[Right] (conf: 1.00) x1:75.0 y1:289.0 cx:94.0 cy:299.0
[36] (conf: 0.59) x1:311.0 y1:293.0 cx:320.0 cy:299.0
[Body Water Analysis] (conf: 0.98) x1:607.0 y1:287.0 cx:666.0 cy:295.0
[89] (conf: 1.00) x1:285.0 y1:303.0 cx:293.0 cy:310.0
[ECWMBW E] (conf: 0.34) x1:607.0 y1:303.0 cx:639.0 cy:310.0
[the ratio of Exracellular Water I0] (conf: 0.55) x1:679.0 y1:303.0 cx:768.0 cy:310.0
[Total Body Water; which i5 an important indicator] (conf: 0.41) x1:607.0 y1:317.0 cx:732.0 cy:326.0
[Left] (conf: 0.99) x1:75.0 y1:329.0 cx:89.0 cy:337.0
[90] (conf: 1.00) x1:291.0 y1:339.0 cx:300.0 cy:346.0
[Whether the body water Is balanced] (conf: 0.58) x1:607.0 y1:335.0 cx:703.0 cy:343.0
[ECWITBW] (conf: 0.67) x1:69.0 y1:363.0 cx:117.0 cy:373.0
[Visceral Fat Level] (conf: 0.88) x1:607.0 y1:361.0 cx:658.0 cy:368.0
[Analysis] (conf: 0.98) x1:165.0 y1:367.0 cx:199.0 cy:376.0
[Visceral] (conf: 0.58) x1:607.0 y1:377.0 cx:629.0 cy:384.0
[Fat Level is an indicator based on tne] (conf: 0.58) x1:653.0 y1:377.0 cx:755.0 cy:384.0
[esumaled] (conf: 0.98) x1:607.0 y1:393.0 cx:635.0 cy:400.0
[amount of fal surrounding] (conf: 0.45) x1:665.0 y1:393.0 cx:738.0 cy:401.0
[inlemal] (conf: 0.87) x1:813.0 y1:393.0 cx:833.0 cy:400.0
[QN] (conf: 0.06) x1:203.0 y1:405.0 cx:216.0 cy:411.0
[Ol|] (conf: 0.08) x1:237.0 y1:405.0 cx:250.0 cy:411.0
[Om] (conf: 0.16) x1:271.0 y1:405.0 cx:283.0 cy:411.0
[0r] (conf: 0.01) x1:303.0 y1:405.0 cx:316.0 cy:411.0
[a4] (conf: 0.08) x1:371.0 y1:405.0 cx:384.0 cy:411.0
[0j] (conf: 0.37) x1:437.0 y1:405.0 cx:450.0 cy:411.0
[Ot] (conf: 0.15) x1:472.0 y1:406.0 cx:483.0 cy:410.0
[ae] (conf: 0.03) x1:538.0 y1:406.0 cx:549.0 cy:410.0
[ECWIBW] (conf: 0.52) x1:75.0 y1:413.0 cx:110.0 cy:422.0
[argans] (conf: 0.65) x1:607.0 y1:411.0 cx:627.0 cy:418.0
[Ihe abdomen] (conf: 0.64) x1:657.0 y1:409.0 cx:694.0 cy:416.0
[Maintain] (conf: 0.78) x1:733.0 y1:409.0 cx:758.0 cy:416.0
[Viscera] (conf: 0.99) x1:791.0 y1:409.0 cx:812.0 cy:416.0
[Fat] (conf: 0.99) x1:835.0 y1:409.0 cx:846.0 cy:416.0
[0.376] (conf: 0.99) x1:317.0 y1:417.0 cx:340.0 cy:427.0
[Level] (conf: 0.98) x1:607.0 y1:425.0 cx:622.0 cy:432.0
[under 10 t0 stay healthy:] (conf: 0.50) x1:639.0 y1:425.0 cx:706.0 cy:433.0
[Results Interpretation QR Code] (conf: 0.67) x1:607.0 y1:445.0 cx:695.0 cy:453.0
[Body Composition History] (conf: 0.97) x1:70.0 y1:450.0 cx:175.0 cy:462.0
[Scan the QR Code t0 see] (conf: 0.53) x1:607.0 y1:461.0 cx:677.0 cy:470.0
[135.4] (conf: 0.93) x1:201.0 y1:477.0 cx:221.0 cy:487.0
[134.|] (conf: 0.74) x1:249.0 y1:483.0 cx:268.0 cy:490.5
[134 2] (conf: 0.41) x1:299.0 y1:485.0 cx:318.0 cy:491.5
[135.4] (conf: 0.50) x1:345.0 y1:479.0 cx:365.0 cy:487.0
[136.7] (conf: 1.00) x1:393.0 y1:475.0 cx:412.0 cy:483.0
[135.3] (conf: 0.78) x1:439.0 y1:477.0 cx:459.0 cy:486.0
[135.0] (conf: 0.82) x1:487.0 y1:483.0 cx:506.0 cy:490.5
[1353] (conf: 0.97) x1:535.0 y1:477.0 cx:555.0 cy:486.0
[results interpretation in] (conf: 0.67) x1:607.0 y1:481.0 cx:669.0 cy:489.0
[Leg] (conf: 1.00) x1:110.2 y1:289.3 cx:125.5 cy:299.5
[Leg] (conf: 0.55) x1:98.1 y1:326.3 cx:114.5 cy:337.0

--- Section: bmr_standalone ---
[body ral] (conf: 0.35) x1:151.0 y1:0.0 cx:183.0 cy:6.5
[Lean body mass] (conf: 0.49) x1:221.0 y1:0.0 cx:277.0 cy:6.5
[controi] (conf: 0.87) x1:335.0 y1:0.0 cx:361.0 cy:5.5
[Body Fat Mass] (conf: 0.74) x1:151.0 y1:17.0 cx:195.0 cy:25.0
[1833] (conf: 0.37) x1:311.0 y1:15.0 cx:327.0 cy:25.0
[Ib] (conf: 0.83) x1:345.0 y1:21.0 cx:352.0 cy:28.0
[135.4] (conf: 0.95) x1:51.0 y1:41.0 cx:73.0 cy:51.0
[Lean Body Mass] (conf: 0.58) x1:149.0 y1:39.0 cx:199.0 cy:46.0
[93] (conf: 0.93) x1:319.0 y1:37.0 cx:331.0 cy:45.0
[Ib] (conf: 0.89) x1:345.0 y1:39.0 cx:353.0 cy:46.0
[means] (conf: 0.42) x1:165.0 y1:55.0 cx:183.0 cy:61.0
[galn fatlein] (conf: 0.13) x1:209.0 y1:53.0 cx:240.0 cy:61.0
[(mens] (conf: 0.37) x1:281.0 y1:55.0 cx:306.0 cy:62.0
[pe tatean] (conf: 0.10) x1:341.0 y1:53.0 cx:370.0 cy:60.0
[Segmental Fat Analysis] (conf: 0.97) x1:149.0 y1:81.0 cx:229.5 cy:93.0
[Right Arm] (conf: 1.00) x1:150.0 y1:112.0 cx:181.5 cy:122.0
[33 mb)] (conf: 0.25) x1:237.0 y1:113.0 cx:257.0 cy:121.0
[156 0'0] (conf: 0.12) x1:341.0 y1:115.0 cx:363.0 cy:122.0
[Left Am] (conf: 0.96) x1:151.0 y1:133.0 cx:178.0 cy:140.0
[33 B)] (conf: 0.19) x1:237.0 y1:133.0 cx:257.0 cy:140.0
[IS8T] (conf: 0.23) x1:343.0 y1:133.0 cx:364.0 cy:140.0
[Trunk] (conf: 1.00) x1:151.0 y1:151.0 cx:170.0 cy:158.0
[24,0 m)] (conf: 0.25) x1:231.0 y1:151.0 cx:254.0 cy:158.0
[202.20 0] (conf: 0.38) x1:357.0 y1:149.0 cx:379.0 cy:156.0
[Right Leg] (conf: 0.99) x1:151.0 y1:169.0 cx:181.0 cy:177.0
[73 m]] (conf: 0.20) x1:237.0 y1:169.0 cx:255.0 cy:177.0
[132.890] (conf: 0.19) x1:327.0 y1:169.0 cx:348.0 cy:176.0
[Left Leg] (conf: 0.81) x1:151.0 y1:187.0 cx:177.0 cy:195.0
[7.1] (conf: 0.95) x1:239.0 y1:187.0 cx:248.0 cy:195.0
[m] (conf: 0.24) x1:259.0 y1:189.0 cx:265.0 cy:195.0
[132.490] (conf: 0.53) x1:327.0 y1:189.0 cx:349.0 cy:196.0
[Basal Metabolic Rate] (conf: 0.93) x1:151.0 y1:221.0 cx:222.0 cy:229.0
[1231 kcal] (conf: 0.68) x1:239.0 y1:239.0 cx:270.0 cy:249.0
[Visceral Fat Level] (conf: 0.95) x1:149.0 y1:269.0 cx:211.0 cy:278.0
[Low] (conf: 1.00) x1:275.0 y1:285.0 cx:289.0 cy:293.0
[10] (conf: 0.85) x1:329.0 y1:285.0 cx:337.0 cy:292.0
[High] (conf: 0.86) x1:367.0 y1:285.0 cx:383.0 cy:293.0
[Levcl] (conf: 0.73) x1:171.0 y1:299.0 cx:189.0 cy:306.0
[M] (conf: 0.46) x1:211.0 y1:295.0 cx:220.0 cy:304.0
[Results Interpretation] (conf: 0.75) x1:151.0 y1:328.0 cx:224.0 cy:338.0
[Obesity Analysis] (conf: 0.90) x1:151.0 y1:353.0 cx:199.0 cy:361.0
[BMI Is a Index used t0 Cetermine obesity by] (conf: 0.39) x1:151.0 y1:369.0 cx:275.0 cy:378.0
[using height and weight PBFis the percentage] (conf: 0.65) x1:149.0 y1:385.0 cx:274.0 cy:394.0
[0f body fal compared t0 body wreight] (conf: 0.33) x1:149.0 y1:403.0 cx:247.0 cy:411.0
[Segmental Lean Analysis] (conf: 0.72) x1:151.0 y1:427.0 cx:222.0 cy:435.0
[Eva vates whether the muscles are adequately] (conf: 0.63) x1:151.0 y1:443.0 cx:275.0 cy:451.0
[developed in the body: In each segment; the top] (conf: 0.73) x1:149.0 y1:459.0 cx:274.0 cy:468.0
[bar shows the companson 01 muscle mass t0] (conf: 0.43) x1:151.0 y1:477.0 cx:275.0 cy:484.0
[Keal we ght and Ihe bottom bar shows tnat 0i tne] (conf: 0.19) x1:149.0 y1:493.0 cx:274.0 cy:501.0
[curent weight] (conf: 0.49) x1:151.0 y1:509.0 cx:192.0 cy:517.0
[Body Water Analysis] (conf: 0.77) x1:151.0 y1:533.0 cx:210.0 cy:541.0
[ECWIBW is the ratio of Extracellular Water t0] (conf: 0.53) x1:151.0 y1:549.0 cx:275.0 cy:557.0
[Total Body Water which is an important indicator] (conf: 0.41) x1:151.0 y1:565.0 cx:275.0 cy:573.0
[Khether the body waler IS balanced;] (conf: 0.41) x1:149.0 y1:583.0 cx:246.0 cy:590.0
[Visceral Fat Level] (conf: 0.80) x1:150.0 y1:606.0 cx:201.5 cy:615.0
[Viscera] (conf: 0.95) x1:150.0 y1:622.0 cx:171.5 cy:631.0
[Fat Level is an indicator based on tne] (conf: 0.46) x1:197.0 y1:623.0 cx:298.0 cy:631.0
[esumaled amount 0r ial surrounding inlemal] (conf: 0.21) x1:151.0 y1:641.0 cx:275.0 cy:649.0
[0h] (conf: 0.04) x1:14.0 y1:654.0 cx:25.0 cy:658.0
[04S] (conf: 0.12) x1:82.0 y1:654.0 cx:92.0 cy:658.0
[@rgans in the abcomen;] (conf: 0.17) x1:149.0 y1:657.0 cx:212.0 cy:665.0
[Maintaln a Visceral Fat] (conf: 0.72) x1:277.0 y1:655.0 cx:339.0 cy:663.0
[Level under 10 to stay healthy:] (conf: 0.64) x1:151.0 y1:669.0 cx:233.0 cy:679.0
[Results Interpretation QR Code] (conf: 0.84) x1:151.0 y1:693.0 cx:239.0 cy:701.0
[Scan the QR Code t0 see] (conf: 0.36) x1:151.0 y1:711.0 cx:221.0 cy:719.0
[53] (conf: 0.66) x1:0.0 y1:725.0 cx:10.5 cy:734.0
[135.0] (conf: 0.96) x1:29.0 y1:729.0 cx:49.0 cy:738.0
[135.] (conf: 0.66) x1:79.0 y1:727.0 cx:98.0 cy:735.0
[interpretation in] (conf: 0.60) x1:189.0 y1:727.0 cx:232.0 cy:735.0
[more Cetail:] (conf: 0.36) x1:149.0 y1:743.0 cx:182.0 cy:751.0
[5] (conf: 0.93) x1:0.0 y1:769.0 cx:8.5 cy:779.0
[47.9] (conf: 0.56) x1:37.0 y1:763.0 cx:52.0 cy:771.0
[47.6] (conf: 0.97) x1:81.0 y1:765.0 cx:97.0 cy:774.0
[Impedance] (conf: 1.00) x1:149.0 y1:773.0 cx:188.0 cy:781.0
[RA] (conf: 1.00) x1:223.0 y1:791.0 cx:233.0 cy:798.0
[LA] (conf: 1.00) x1:259.0 y1:791.0 cx:269.0 cy:798.0
[TR] (conf: 1.00) x1:293.0 y1:791.0 cx:303.0 cy:798.0
[RL] (conf: 1.00) x1:325.0 y1:791.0 cx:335.0 cy:798.0
[LL] (conf: 1.00) x1:359.0 y1:791.0 cx:369.0 cy:798.0
[62] (conf: 0.27) x1:0.0 y1:807.0 cx:8.5 cy:815.0
[33.9] (conf: 0.50) x1:33.0 y1:807.0 cx:49.0 cy:817.0
[35.0] (conf: 0.91) x1:81.0 y1:805.0 cx:97.0 cy:813.0
[Z()] (conf: 0.31) x1:151.0 y1:805.0 cx:167.0 cy:813.0
[Sub] (conf: 0.44) x1:187.0 y1:805.0 cx:201.0 cy:813.0
[503 ]] (conf: 0.16) x1:221.0 y1:807.0 cx:238.0 cy:814.0
[521,9 30 0] (conf: 0.28) x1:257.0 y1:807.0 cx:288.0 cy:814.0
[397 }] (conf: 0.29) x1:323.0 y1:807.0 cx:339.0 cy:814.0
[386.8] (conf: 0.95) x1:357.0 y1:807.0 cx:374.0 cy:814.0
[SuL] (conf: 0.27) x1:181.0 y1:823.0 cx:198.0 cy:830.0
[452.0] (conf: 0.39) x1:221.0 y1:823.0 cx:238.0 cy:830.0
[470,2 26 ;] (conf: 0.16) x1:257.0 y1:823.0 cx:287.0 cy:830.0
[346.4] (conf: 0.39) x1:321.0 y1:823.0 cx:338.0 cy:830.0
[338.7] (conf: 0.98) x1:357.0 y1:823.0 cx:374.0 cy:830.0
[76] (conf: 1.00) x1:0.0 y1:841.0 cx:10.5 cy:851.0
[0,378] (conf: 0.90) x1:29.0 y1:839.0 cx:49.0 cy:849.0
[SuOut] (conf: 0.29) x1:173.0 y1:837.0 cx:194.0 cy:845.0
[396.7] (conf: 0.97) x1:221.0 y1:839.0 cx:238.0 cy:846.0
[404,8 20,0] (conf: 0.27) x1:257.0 y1:839.0 cx:288.0 cy:846.0
[305.0] (conf: 0.69) x1:321.0 y1:839.0 cx:338.0 cy:846.0
[300 =] (conf: 0.21) x1:357.0 y1:839.0 cx:374.0 cy:846.0
[0,376] (conf: 0.86) x1:77.0 y1:847.0 cx:97.0 cy:855.0
[04d] (conf: 0.03) x1:46.1 y1:649.5 cx:58.5 cy:656.0
[resuts] (conf: 0.52) x1:148.3 y1:725.6 cx:168.5 cy:734.5
